// Jest Snapshot v1, https://goo.gl/fbAQLP

exports[`checkToken Saga should call the checkTokenError action if the response errors 1`] = `
Object {
  "@@redux-saga/IO": true,
  "SELECT": Object {
    "args": Array [],
    "selector": [Function],
  },
}
`;

exports[`checkToken Saga should call the checkTokenError action if the response errors 2`] = `
Object {
  "@@redux-saga/IO": true,
  "CALL": Object {
    "args": Array [
      "https://api.blockcypher.com/v1/bcy/test/wallets?token=14c71464e5d0323691q7c314b42eg04",
    ],
    "context": null,
    "fn": [Function],
  },
}
`;

exports[`checkToken Saga should dispatch the tokenValidated action if it requests the data successfully 1`] = `
Object {
  "@@redux-saga/IO": true,
  "SELECT": Object {
    "args": Array [],
    "selector": [Function],
  },
}
`;

exports[`checkToken Saga should dispatch the tokenValidated action if it requests the data successfully 2`] = `
Object {
  "@@redux-saga/IO": true,
  "CALL": Object {
    "args": Array [
      "https://api.blockcypher.com/v1/bcy/test/wallets?token=14c71464e5d0323691q7c314b42eg04",
    ],
    "context": null,
    "fn": [Function],
  },
}
`;
